// Jest Snapshot v1, https://goo.gl/fbAQLP

exports[`Tab component rendering renders Tab 1`] = `<div />`;
