// Jest Snapshot v1, https://goo.gl/fbAQLP

exports[`TabFooter component rendering renders TabFooter 1`] = `null`;
